#-----------------------------------------------------------
# Vivado v2024.2 (64-bit)
# SW Build 5239630 on Fri Nov 08 22:35:27 MST 2024
# IP Build 5239520 on Sun Nov 10 16:12:51 MST 2024
# SharedData Build 5239561 on Fri Nov 08 14:39:27 MST 2024
# Start of session at: Wed Feb 18 21:14:57 2026
# Process ID         : 11092
# Current directory  : E:/source/.ITA/FPGA/0.hello/edt_zc702/edt_zc702.runs/synth_1
# Command line       : vivado.exe -log system_wrapper.vds -product Vivado -mode batch -messageDb vivado.pb -notrace -source system_wrapper.tcl
# Log file           : E:/source/.ITA/FPGA/0.hello/edt_zc702/edt_zc702.runs/synth_1/system_wrapper.vds
# Journal file       : E:/source/.ITA/FPGA/0.hello/edt_zc702/edt_zc702.runs/synth_1\vivado.jou
# Running On         : G-MF001
# Platform           : Windows Server 2016 or Windows 10
# Operating System   : 26200
# Processor Detail   : 12th Gen Intel(R) Core(TM) i9-12900K
# CPU Frequency      : 3187 MHz
# CPU Physical cores : 16
# CPU Logical cores  : 24
# Host memory        : 68413 MB
# Swap memory        : 4294 MB
# Total Virtual      : 72708 MB
# Available Virtual  : 51087 MB
#-----------------------------------------------------------
source system_wrapper.tcl -notrace
