

================================================================
== Synthesis Summary Report of 'radiation_injector'
================================================================
+ General Information: 
    * Date:           Sun Mar  1 06:16:03 2026
    * Version:        2025.2 (Build 6295257 on Nov 14 2025)
    * Project:        radiation_injector
    * Solution:       hls (Vivado IP Flow Target)
    * Product family: zynq
    * Target device:  xc7z020-clg400-2
    

* Performance & Resource Estimates: 
+----------------------+------+---------------+----------+---------+------+----------+---------+---------+------+------+----+-----------+----------+-----+
|        Modules       | Issue|               | Iteration|         | Trip |          |      Latency      |      |      |    |           |          |     |
|        & Loops       | Type | Violation Type|  Latency | Interval| Count| Pipelined| (cycles)|   (ns)  | Slack| BRAM | DSP|     FF    |    LUT   | URAM|
+----------------------+------+---------------+----------+---------+------+----------+---------+---------+------+------+----+-----------+----------+-----+
|+ radiation_injector  |     -|              -|         -|       36|     -|        no|       35|  350.000|  0.27|     -|   -|  588 (~0%)|  908 (1%)|    -|
+----------------------+------+---------------+----------+---------+------+----------+---------+---------+------+------+----+-----------+----------+-----+
    Name Prefix: '+' for module, 'o' for loop, '*' for dataflow


================================================================
== HW Interfaces
================================================================
* S_AXILITE Interfaces
+---------------+------------+---------------+--------+----------+
| Interface     | Data Width | Address Width | Offset | Register |
+---------------+------------+---------------+--------+----------+
| s_axi_control | 32         | 6             | 16     | 0        |
+---------------+------------+---------------+--------+----------+

* S_AXILITE Registers
+---------------+-----------+--------+-------+--------+----------------------------------+----------------------------------------------------------------------+
| Interface     | Register  | Offset | Width | Access | Description                      | Bit Fields                                                           |
+---------------+-----------+--------+-------+--------+----------------------------------+----------------------------------------------------------------------+
| s_axi_control | CTRL      | 0x00   | 32    | RW     | Control signals                  | 0=AP_START 1=AP_DONE 2=AP_IDLE 3=AP_READY 7=AUTO_RESTART 9=INTERRUPT |
| s_axi_control | GIER      | 0x04   | 32    | RW     | Global Interrupt Enable Register | 0=Enable                                                             |
| s_axi_control | IP_IER    | 0x08   | 32    | RW     | IP Interrupt Enable Register     | 0=CHAN0_INT_EN 1=CHAN1_INT_EN                                        |
| s_axi_control | IP_ISR    | 0x0c   | 32    | RW     | IP Interrupt Status Register     | 0=CHAN0_INT_ST 1=CHAN1_INT_ST                                        |
| s_axi_control | intensity | 0x10   | 32    | W      | Data signal of intensity         |                                                                      |
| s_axi_control | seed      | 0x18   | 32    | W      | Data signal of seed              |                                                                      |
| s_axi_control | num_words | 0x20   | 32    | W      | Data signal of num_words         |                                                                      |
+---------------+-----------+--------+-------+--------+----------------------------------+----------------------------------------------------------------------+

* BRAM
+------------------+------------+---------------+
| Interface        | Data Width | Address Width |
+------------------+------------+---------------+
| weight_mem_PORTA | 32         | 32            |
+------------------+------------+---------------+

* TOP LEVEL CONTROL
+-----------+------------+-----------+
| Interface | Type       | Ports     |
+-----------+------------+-----------+
| ap_clk    | clock      | ap_clk    |
| ap_rst_n  | reset      | ap_rst_n  |
| interrupt | interrupt  | interrupt |
| ap_ctrl   | ap_ctrl_hs |           |
+-----------+------------+-----------+


================================================================
== SW I/O Information
================================================================
* Top Function Arguments
+------------+-----------+--------------+
| Argument   | Direction | Datatype     |
+------------+-----------+--------------+
| weight_mem | inout     | ap_uint<32>* |
| intensity  | in        | ap_uint<32>  |
| seed       | in        | ap_uint<32>  |
| num_words  | in        | ap_uint<32>  |
+------------+-----------+--------------+

* SW-to-HW Mapping
+------------+------------------+-----------+-------------------------------------+
| Argument   | HW Interface     | HW Type   | HW Info                             |
+------------+------------------+-----------+-------------------------------------+
| weight_mem | weight_mem_PORTA | interface |                                     |
| intensity  | s_axi_control    | register  | name=intensity offset=0x10 range=32 |
| seed       | s_axi_control    | register  | name=seed offset=0x18 range=32      |
| num_words  | s_axi_control    | register  | name=num_words offset=0x20 range=32 |
+------------+------------------+-----------+-------------------------------------+


================================================================
== Bind Op Report
================================================================
+---------------------------------+-----+--------+-------------+--------+-----------+---------+
| Name                            | DSP | Pragma | Variable    | Op     | Impl      | Latency |
+---------------------------------+-----+--------+-------------+--------+-----------+---------+
| + radiation_injector            | 0   |        |             |        |           |         |
|   icmp_ln21_fu_87_p2            |     |        | icmp_ln21   | seteq  | auto      | 0       |
|   icmp_ln24_fu_93_p2            |     |        | icmp_ln24   | setgt  | auto      | 0       |
|   num_words_1_fu_99_p3          |     |        | num_words_1 | select | auto_sel  | 0       |
|   icmp_ln29_fu_111_p2           |     |        | icmp_ln29   | seteq  | auto      | 0       |
|   lfsr_fu_127_p3                |     |        | lfsr        | select | auto_sel  | 0       |
|   urem_31ns_15ns_31_35_seq_1_U1 |     |        | addr        | urem   | auto_seq  | 34      |
|   mask_fu_159_p2                |     |        | mask        | shl    | auto_pipe | 0       |
|   xor_ln46_fu_165_p2            |     |        | xor_ln46    | xor    | auto      | 0       |
+---------------------------------+-----+--------+-------------+--------+-----------+---------+


================================================================
== Storage Report
================================================================
+----------------------+-----------+-----------+------+------+--------+----------+------+---------+------------------+
| Name                 | Usage     | Type      | BRAM | URAM | Pragma | Variable | Impl | Latency | Bitwidth, Depth, |
|                      |           |           |      |      |        |          |      |         | Banks            |
+----------------------+-----------+-----------+------+------+--------+----------+------+---------+------------------+
| + radiation_injector |           |           | 0    | 0    |        |          |      |         |                  |
|   control_s_axi_U    | interface | s_axilite |      |      |        |          |      |         |                  |
+----------------------+-----------+-----------+------+------+--------+----------+------+---------+------------------+


================================================================
== Pragma Report
================================================================
* Pragmas with Warnings
+--------------+-------------------------------------------+---------------------------------------------------+----------------------------------------------------------------------------------------------------------------------------------+
| Type         | Options                                   | Location                                          | Messages                                                                                                                         |
+--------------+-------------------------------------------+---------------------------------------------------+----------------------------------------------------------------------------------------------------------------------------------+
| BIND_STORAGE | variable=weight_mem type=ram_2p impl=bram | in radiation_injector (radiation_injector.cpp:19) | The resource pragma (bind_storage) on top-level function argument, in 'call' is unsupported, please use INTERFACE pragma instead |
+--------------+-------------------------------------------+---------------------------------------------------+----------------------------------------------------------------------------------------------------------------------------------+

* Valid Pragma Syntax
+-----------+-----------------------------------------+---------------------------------------------------+
| Type      | Options                                 | Location                                          |
+-----------+-----------------------------------------+---------------------------------------------------+
| INTERFACE | bram port=weight_mem                    | in radiation_injector (radiation_injector.cpp:13) |
| INTERFACE | s_axilite port=intensity bundle=control | in radiation_injector (radiation_injector.cpp:14) |
| INTERFACE | s_axilite port=seed bundle=control      | in radiation_injector (radiation_injector.cpp:15) |
| INTERFACE | s_axilite port=num_words bundle=control | in radiation_injector (radiation_injector.cpp:16) |
| INTERFACE | s_axilite port=return bundle=control    | in radiation_injector (radiation_injector.cpp:17) |
+-----------+-----------------------------------------+---------------------------------------------------+


